// Jest Snapshot v1, https://goo.gl/fbAQLP

exports[`splitProps 1`] = `
Array [
  Object {
    "foo": "bar",
  },
  Object {
    "fee": "fi-fo",
    "hello": "world",
  },
]
`;
